                 -1   $MODLP51
0000              1   ;--------------------------------------------------------
0000              2   ; Special Function Registers
0000              3   ;--------------------------------------------------------
0000              4   ACC            DATA 0xe0
0000              5   B              DATA 0xf0
0000              6   PSW            DATA 0xd0
0000              7   SP             DATA 0x81
0000              8   SPX            DATA 0xef
0000              9   DPL            DATA 0x82
0000             10   DPH            DATA 0x83
0000             11   DPLB           DATA 0xd4
0000             12   DPHB           DATA 0xd5
0000             13   PAGE           DATA 0xf6
0000             14   AX             DATA 0xe1
0000             15   BX             DATA 0xf7
0000             16   DSPR           DATA 0xe2
0000             17   FIRD           DATA 0xe3
0000             18   MACL           DATA 0xe4
0000             19   MACH           DATA 0xe5
0000             20   PCON           DATA 0x87
0000             21   AUXR           DATA 0x8e
0000             22   AUXR1          DATA 0xa2
0000             23   DPCF           DATA 0xa1
0000             24   CKRL           DATA 0x97
0000             25   CKCKON0        DATA 0x8f
0000             26   CKCKON1        DATA 0xaf
0000             27   CKSEL          DATA 0x85
0000             28   CLKREG         DATA 0xae
0000             29   OSCCON         DATA 0x85
0000             30   IE             DATA 0xa8
0000             31   IEN0           DATA 0xa8
0000             32   IEN1           DATA 0xb1
0000             33   IPH0           DATA 0xb7
0000             34   IP             DATA 0xb8
0000             35   IPL0           DATA 0xb8
0000             36   IPH1           DATA 0xb3
0000             37   IPL1           DATA 0xb2
0000             38   P0             DATA 0x80
0000             39   P1             DATA 0x90
0000             40   P2             DATA 0xa0
0000             41   P3             DATA 0xb0
0000             42   P4             DATA 0xc0
0000             43   P0M0           DATA 0xe6
0000             44   P0M1           DATA 0xe7
0000             45   P1M0           DATA 0xd6
0000             46   P1M1           DATA 0xd7
0000             47   P2M0           DATA 0xce
0000             48   P2M1           DATA 0xcf
0000             49   P3M0           DATA 0xc6
0000             50   P3M1           DATA 0xc7
0000             51   P4M0           DATA 0xbe
0000             52   P4M1           DATA 0xbf
0000             53   SCON           DATA 0x98
0000             54   SBUF           DATA 0x99
0000             55   SADEN          DATA 0xb9
0000             56   SADDR          DATA 0xa9
0000             57   BDRCON         DATA 0x9b
0000             58   BRL            DATA 0x9a
0000             59   TCON           DATA 0x88
0000             60   TMOD           DATA 0x89
0000             61   TCONB          DATA 0x91
0000             62   TL0            DATA 0x8a
0000             63   TH0            DATA 0x8c
0000             64   TL1            DATA 0x8b
0000             65   TH1            DATA 0x8d
0000             66   RL0            DATA 0xf2
0000             67   RL1            DATA 0xf3
0000             68   RH0            DATA 0xf4
0000             69   RH1            DATA 0xf5
0000             70   WDTRST         DATA 0xa6
0000             71   WDTPRG         DATA 0xa7
0000             72   T2CON          DATA 0xc8
0000             73   T2MOD          DATA 0xc9
0000             74   RCAP2H         DATA 0xcb
0000             75   RCAP2L         DATA 0xca
0000             76   TH2            DATA 0xcd
0000             77   TL2            DATA 0xcc
0000             78   SPCON          DATA 0xc3
0000             79   SPSTA          DATA 0xc4
0000             80   SPDAT          DATA 0xc5
0000             81   SSCON          DATA 0x93
0000             82   SSCS           DATA 0x94
0000             83   SSDAT          DATA 0x95
0000             84   SSADR          DATA 0x96
0000             85   KBLS           DATA 0x9c
0000             86   KBE            DATA 0x9d
0000             87   KBF            DATA 0x9e
0000             88   KBMOD          DATA 0x9f
0000             89   BMSEL          DATA 0x92
0000             90   FCON           DATA 0xd2
0000             91   EECON          DATA 0xd2
0000             92   ACSRA          DATA 0xa3
0000             93   ACSRB          DATA 0xab
0000             94   AREF           DATA 0xbd
0000             95   DADC           DATA 0xa4
0000             96   DADI           DATA 0xa5
0000             97   DADL           DATA 0xac
0000             98   DADH           DATA 0xad
0000             99   CCON           DATA 0xd8
0000            100   CMOD           DATA 0xd9
0000            101   CL             DATA 0xe9
0000            102   CH             DATA 0xf9
0000            103   CCAPM0         DATA 0xda
0000            104   CCAPM1         DATA 0xdb
0000            105   CCAPM2         DATA 0xdc
0000            106   CCAPM3         DATA 0xdd
0000            107   CCAPM4         DATA 0xde
0000            108   CCAP0H         DATA 0xfa
0000            109   CCAP1H         DATA 0xfb
0000            110   CCAP2H         DATA 0xfc
0000            111   CCAP3H         DATA 0xfd
0000            112   CCAP4H         DATA 0xfe
0000            113   CCAP0L         DATA 0xea
0000            114   CCAP1L         DATA 0xeb
0000            115   CCAP2L         DATA 0xec
0000            116   CCAP3L         DATA 0xed
0000            117   CCAP4L         DATA 0xee
0000            118   ;--------------------------------------------------------
0000            119   ; special function bits
0000            120   ;--------------------------------------------------------
0000            121   P              BIT 0xd0
0000            122   F1             BIT 0xd1
0000            123   OV             BIT 0xd2
0000            124   RS0            BIT 0xd3
0000            125   RS1            BIT 0xd4
0000            126   F0             BIT 0xd5
0000            127   AC             BIT 0xd6
0000            128   CY             BIT 0xd7
0000            129   EX0            BIT 0xa8
0000            130   ET0            BIT 0xa9
0000            131   EX1            BIT 0xaa
0000            132   ET1            BIT 0xab
0000            133   ES             BIT 0xac
0000            134   ET2            BIT 0xad
0000            135   EC             BIT 0xae
0000            136   EA             BIT 0xaf
0000            137   PX0            BIT 0xb8
0000            138   PT0            BIT 0xb9
0000            139   PX1            BIT 0xba
0000            140   PT1            BIT 0xbb
0000            141   PS             BIT 0xbc
0000            142   PT2            BIT 0xbd
0000            143   IP0D           BIT 0xbf
0000            144   PPCL           BIT 0xbe
0000            145   PT2L           BIT 0xbd
0000            146   PLS            BIT 0xbc
0000            147   PT1L           BIT 0xbb
0000            148   PX1L           BIT 0xba
0000            149   PT0L           BIT 0xb9
0000            150   PX0L           BIT 0xb8
0000            151   RXD            BIT 0xb0
0000            152   TXD            BIT 0xb1
0000            153   INT0           BIT 0xb2
0000            154   INT1           BIT 0xb3
0000            155   T0             BIT 0xb4
0000            156   T1             BIT 0xb5
0000            157   WR             BIT 0xb6
0000            158   RD             BIT 0xb7
0000            159   RI             BIT 0x98
0000            160   TI             BIT 0x99
0000            161   RB8            BIT 0x9a
0000            162   TB8            BIT 0x9b
0000            163   REN            BIT 0x9c
0000            164   SM2            BIT 0x9d
0000            165   SM1            BIT 0x9e
0000            166   SM0            BIT 0x9f
0000            167   IT0            BIT 0x88
0000            168   IE0            BIT 0x89
0000            169   IT1            BIT 0x8a
0000            170   IE1            BIT 0x8b
0000            171   TR0            BIT 0x8c
0000            172   TF0            BIT 0x8d
0000            173   TR1            BIT 0x8e
0000            174   TF1            BIT 0x8f
0000            175   CP_RL2         BIT 0xc8
0000            176   C_T2           BIT 0xc9
0000            177   TR2            BIT 0xca
0000            178   EXEN2          BIT 0xcb
0000            179   TCLK           BIT 0xcc
0000            180   RCLK           BIT 0xcd
0000            181   EXF2           BIT 0xce
0000            182   TF2            BIT 0xcf
0000            183   CF             BIT 0xdf
0000            184   CR             BIT 0xde
0000            185   CCF4           BIT 0xdc
0000            186   CCF3           BIT 0xdb
0000            187   CCF2           BIT 0xda
0000            188   CCF1           BIT 0xd9
0000            189   CCF0           BIT 0xd8
0000              2   org 0000H
0000 0204FF       3      ljmp MainProgram
0003              4   
0003              5   CLK  EQU 22118400
0003              6   BAUD equ 115200
0003              7   BRG_VAL equ (0x100-(CLK/(16*BAUD)))
0003              8   REF equ 4.096       ;reference at LM4040
0003              9   
0003             10   ; These ’EQU’ must match the wiring between the microcontroller and ADC
0003             11   CE_ADC EQU P2.0
0003             12   MY_MOSI EQU P2.1
0003             13   MY_MISO EQU P2.2
0003             14   MY_SCLK EQU P2.3
0003             15   BEEPER EQU P2.4 ; placeholder pin for beeper
0003             16   
0003             17   TIMER0_RELOAD_L DATA 0xf2
0003             18   TIMER1_RELOAD_L DATA 0xf3
0003             19   TIMER0_RELOAD_H DATA 0xf4
0003             20   TIMER1_RELOAD_H DATA 0xf5
0003             21   
0003             22   TIMER0_RATE   EQU 4096             ; 2048Hz squarewave (peak amplitude of CEM-1203 speaker)
0003             23   TIMER0_RELOAD EQU ((65536-(CLK/TIMER0_RATE)))
0003             24   TIMER2_RATE   EQU 1000     ; 1000Hz, for a timer tick of 1ms
0003             25   TIMER2_RELOAD EQU ((65536-(CLK/TIMER2_RATE)))
0003             26   
0003             27   ; buttons
0003             28   BOOT_BUTTON   equ P4.5
0003             29   
0003             30   ; External interrupt 0 vector (not used in this code)
0003             31   org 0x0003
0003 32          32            reti
0004             33   
0004             34   ; Timer/Counter 0 overflow interrupt vector
000B             35   org 0x000B
000B 020439      36            ljmp Timer0_ISR
000E             37   
000E             38   ; External interrupt 1 vector (not used in this code)
0013             39   org 0x0013
0013 32          40            reti
0014             41   
0014             42   ; Timer/Counter 1 overflow interrupt vector (not used in this code)
001B             43   org 0x001B
001B 32          44            reti
001C             45   
001C             46   ; Serial port receive/transmit interrupt vector (not used in this code)
0023             47   org 0x0023 
0023 32          48            reti
0024             49            
0024             50   ; Timer/Counter 2 overflow interrupt vector
002B             51   org 0x002B
002B 020453      52            ljmp Timer2_ISR
002E             53            
0030             54   dseg at 0x30
0030             55   ;future variables
0030             56   x:   ds 4
0034             57   y:   ds 4
0038             58   bcd: ds 5
003D             59   Result: ds 2
003F             60   coldtemp: ds 1
0040             61   hottemp:ds 4
0044             62   soaktemp: ds 2
0046             63   soaktime: ds 2
0048             64   reflowtemp: ds 2
004A             65   reflowtime: ds 2
004C             66   countererror: ds 1
004D             67   temperature:ds 4
0051             68   Count1ms:     ds 2 ; Used to determine when half second has passed 
0053             69   reflowparam: ds 1
0054             70   second: ds 1
0055             71   minute: ds 1
0056             72   temp: ds 1
0057             73   count: ds 1
0058             74   
0000             75   BSEG
0000             76   startflag: dbit 1
0001             77   errorflag: dbit 1
0002             78   mf: dbit 1
0003             79   
002E             80   CSEG
002E             81   ; These 'equ' must match the wiring between the microcontroller and the LCD!
002E             82   LCD_RS equ P1.1
002E             83   LCD_RW equ P1.2
002E             84   LCD_E  equ P1.3
002E             85   LCD_D4 equ P3.2
002E             86   LCD_D5 equ P3.3
002E             87   LCD_D6 equ P3.4
002E             88   LCD_D7 equ P3.5
002E             89   
002E             90   StartButton equ P0.4 
002E             91   BUTTON_1 equ P0.3
002E             92   BUTTON_2 equ P0.2
002E             93   BUTTON_3 equ P0.7
002E             94   OvenButton equ P2.5
002E             95   
002E             96   
                 98   $LIST
00FA            100   
                546   $LIST
                102   $LIST
036A            104   
036A            105   
036A            106   ; constant strings  
036A 54656D70   107   Test_msg:  db 'Temp:xx.xx*C', 0
     3A78782E
     78782A43
     00
0377 312E536F   108   MenuMessage1: db '1.Soak Temp', 0   ;used when selecting parameter
     616B2054
     656D7000
0383 322E536F   109   MenuMessage2: db '2.Soak Time', 0
     616B2054
     696D6500
038F 332E5265   110   MenuMessage3: db '3.Reflow Temp', 0
     666C6F77
     2054656D
     7000
039D 342E5265   111   MenuMessage4: db '4.Reflow Time', 0
     666C6F77
     2054696D
     6500
03AB 536F616B   112   MenuSoakTemp: db 'Soak Temp:', 0  ;used when changing parameter
     2054656D
     703A00
03B6 536F616B   113   MenuSoakTime: db 'Soak Time:', 0
     2054696D
     653A00
03C1 5265666C   114   MenuReflowTemp: db 'Reflow Temp:', 0
     6F772054
     656D703A
     00
03CE 5265666C   115   MenuReflowTime: db 'Reflow Time:', 0
     6F772054
     696D653A
     00
03DB 5265666C   116   ReflowStateMess: db 'Reflow State', 0
     6F772053
     74617465
     00
03E8 536F616B   117   SoakState: db 'Soak State', 0
     20537461
     746500
03F3 54656D70   118   TemperatureRise: db 'Temp. Increase',0
     2E20496E
     63726561
     736500
0402 4F76656E   119   CoolingTemp: db 'Oven is cooling.',0
     20697320
     636F6F6C
     696E672E
     00
0413            120   
0413 20202020   121   Blank: db '              ',0
     20202020
     20202020
     202000
0422            122   
0422            123   ;---------------------------------;
0422            124   ; Routine to initialize the ISR   ;
0422            125   ; for timer 0                     ;
0422            126   ;---------------------------------;
0422            127   
0422            128   Timer0_Init:
0422 E589       129            mov a, TMOD
0424 54F0       130            anl a, #0xf0 ; Clear the bits for timer 0
0426 4401       131            orl a, #0x01 ; Configure timer 0 as 16-timer
0428 F589       132            mov TMOD, a
042A 758CEA     133            mov TH0, #high(TIMER0_RELOAD)
042D 758AE8     134            mov TL0, #low(TIMER0_RELOAD)
0430            135            ; Set autoreload value
0430 75F4EA     136            mov TIMER0_RELOAD_H, #high(TIMER0_RELOAD)
0433 75F2E8     137            mov TIMER0_RELOAD_L, #low(TIMER0_RELOAD)
0436            138            ; Enable the timer and interrupts
0436 D2A9       139       setb ET0  ; Enable timer 0 interrupt
0438            140       ;setb TR0  ; Start timer 0
0438 22         141            ret
0439            142   
0439            143   ;---------------------------------;
0439            144   ; ISR for timer 0.  Set to execute;
0439            145   ; every 1/4096Hz to generate a    ;
0439            146   ; 2048 Hz square wave at pin P3.7 ;
0439            147   ;---------------------------------;
0439            148   
0439            149   Timer0_ISR:
0439            150   ;        cpl SOUND_OUT; Connect speaker to P3.7!
0439 32         151            reti
043A            152     
043A            153   ;---------------------------------;
043A            154   ; Routine to initialize the ISR   ;
043A            155   ; for timer 2                     ;
043A            156   ;---------------------------------;
043A            157   Timer2_Init:
043A 75C800     158            mov T2CON, #0 ; Stop timer/counter.  Autoreload mode.
043D 75CDA9     159            mov TH2, #high(TIMER2_RELOAD)
0440 75CC9A     160            mov TL2, #low(TIMER2_RELOAD)
0443            161            ; Set the reload value
0443 75CBA9     162            mov RCAP2H, #high(TIMER2_RELOAD)
0446 75CA9A     163            mov RCAP2L, #low(TIMER2_RELOAD)
0449            164            ; Init One millisecond interrupt counter.  It is a 16-bit variable made with two 8-bit parts
0449 E4         165            clr a
044A F551       166            mov Count1ms+0, a
044C F552       167            mov Count1ms+1, a
044E            168            ; Enable the timer and interrupts
044E D2AD       169       setb ET2  ; Enable timer 2 interrupt
0450 D2CA       170       setb TR2  ; Enable timer 2
0452 22         171            ret
0453            172   
0453            173   ;---------------------------------;
0453            174   ; ISR for timer 2                 ;
0453            175   ;---------------------------------;
0453            176   Timer2_ISR:
0453 C2CF       177            clr TF2  ; Timer 2 doesn't clear TF2 automatically. Do it in ISR
0455 B2B6       178            cpl P3.6 ; To check the interrupt rate with oscilloscope. It must be precisely a 1 ms pulse.
0457            179            
0457            180            ; The two registers used in the ISR must be saved in the stack
0457 C0E0       181            push acc
0459 C0D0       182            push psw
045B            183            
045B            184            ; Increment the 16-bit one mili second counter
045B 0551       185            inc Count1ms+0    ; Increment the low 8-bits first
045D E551       186            mov a, Count1ms+0 ; If the low 8-bits overflow, then increment high 8-bits
045F 7002       187            jnz Inc_Done
0461 0552       188            inc Count1ms+1
0463            189   
0463            190     Inc_Done:
0463            191            ; Check if half second has passed
0463 E551       192            mov a, Count1ms+0
0465 B4F411     193            cjne a, #low(500), Timer2_ISR_done ; Warning: this instruction changes the carry flag!
0468 E552       194            mov a, Count1ms+1
046A B4010C     195            cjne a, #high(500), Timer2_ISR_done
046D            196            
046D            197       ; cpl TR0 ; Enable/disable timer/counter 0. This line creates a beep-silence-beep-silence sound.
046D            198       ; where is halfsecondflag?                                   
046D            199                                            ; Reset to zero the milli-seconds counter, it is a 16-bit variable
046D E4         200            clr a
046E F551       201            mov Count1ms+0, a
0470 F552       202            mov Count1ms+1, a
0472            203     
0472 E554       204            mov a, second   ; Increment the BCD counter
0474            205   
0474 2401       206            add a, #0x01 ;THIS IS ADDING SECONDS
0476            207   
0476 D4         208            da a ; Decimal adjust instruction.  Check datasheet for more details!
0477 F554       209            mov second, a
0479            210            
0479            211   Timer2_ISR_done:
0479 D0D0       212            pop psw
047B D0E0       213            pop acc
047D 32         214            reti
047E            215      
047E            216   ;---------------------------------;
047E            217   ; initialize the slave                 ;
047E            218   ;---------------------------------;
047E            219   
047E            220   INIT_SPI:
047E D2A2       221    setb MY_MISO ; Make MISO an input pin
0480 C2A3       222    clr MY_SCLK ; For mode (0,0) SCLK is zero
0482 22         223    ret
0483            224   
0483            225   ;---------------------------------;
0483            226   ; receive and send data                          ;
0483            227   ;---------------------------------;
0483            228   
0483            229   DO_SPI_G:
0483 C0E0       230             push acc
0485 7900       231             mov R1, #0 ; Received byte stored in R1
0487 7A08       232             mov R2, #8 ; Loop counter (8-bits)
0489            233   DO_SPI_G_LOOP:
0489 E8         234             mov a, R0 ; Byte to write is in R0
048A 33         235             rlc a ; Carry flag has bit to write
048B F8         236             mov R0, a
048C 92A1       237             mov MY_MOSI, c
048E D2A3       238             setb MY_SCLK ; Transmit
0490 A2A2       239             mov c, MY_MISO ; Read received bit
0492 E9         240             mov a, R1 ; Save received bit in R1
0493 33         241             rlc a
0494 F9         242             mov R1, a
0495 C2A3       243             clr MY_SCLK
0497 DAF0       244             djnz R2, DO_SPI_G_LOOP
0499 D0E0       245             pop acc
049B 22         246             ret
049C            247   
049C            248   ; Send a character using the serial port
049C            249   putchar1:
049C 3099FD     250       jnb TI, putchar1
049F C299       251       clr TI
04A1 F599       252       mov SBUF, a
04A3 22         253       ret
04A4            254   
04A4            255   ; Send a constant-zero-terminated string using the serial port
04A4            256   SendString:
04A4 E4         257       clr A
04A5 93         258       movc A, @A+DPTR
04A6 6006       259       jz SendStringDone
04A8 1200DC     260       lcall putchar
04AB A3         261       inc DPTR
04AC 80F6       262       sjmp SendString
04AE            263   SendStringDone:
04AE 22         264       ret
04AF            265   
04AF            266   Display_10_digit_BCD:
04AF C0E0       267            push acc
04B1 7406       267            mov a, #6
04B3 14         267            dec a
04B4 1200C1     267            lcall ?Set_Cursor_1 ; Select column and row
04B7 D0E0       267            pop acc
04B9 C000       268            push ar0
04BB A83C       268            mov r0, bcd+4
04BD 1200C6     268            lcall ?Display_BCD
04C0 D000       268            pop ar0
04C2 C000       269            push ar0
04C4 A83B       269            mov r0, bcd+3
04C6 1200C6     269            lcall ?Display_BCD
04C9 D000       269            pop ar0
04CB C000       270            push ar0
04CD A83A       270            mov r0, bcd+2
04CF 1200C6     270            lcall ?Display_BCD
04D2 D000       270            pop ar0
04D4 C000       271            push ar0
04D6 A839       271            mov r0, bcd+1
04D8 1200C6     271            lcall ?Display_BCD
04DB D000       271            pop ar0
04DD C000       272            push ar0
04DF A838       272            mov r0, bcd+0
04E1 1200C6     272            lcall ?Display_BCD
04E4 D000       272            pop ar0
04E6 22         273            ret
04E7            274            
04E7            275   ;---------------------------------;
04E7            276   ; initialize the serial ports     ;
04E7            277   ;---------------------------------;
04E7            278   InitSerialPort:
04E7            279       ; Since the reset button bounces, we need to wait a bit before
04E7            280       ; sending messages, otherwise we risk displaying gibberish!
04E7 79DE       281       mov R1, #222
04E9 78A6       282       mov R0, #166
04EB D8FE       283       djnz R0, $   ; 3 cycles->3*45.21123ns*166=22.51519us
04ED D9FA       284       djnz R1, $-4 ; 22.51519us*222=4.998ms
04EF            285       ; Now we can proceed with the configuration
04EF 438780     286            orl     PCON,#0x80
04F2 759852     287            mov     SCON,#0x52
04F5 759B00     288            mov     BDRCON,#0x00
04F8 759AF4     289            mov     BRL,#BRG_VAL
04FB 759B1E     290            mov     BDRCON,#0x1E ; BDRCON=BRR|TBCK|RBCK|SPD;
04FE 22         291       ret
04FF            292    
04FF            293    ;---------------------------------;
04FF            294   ; MAIN PROGRAM                                                         ;
04FF            295   ;---------------------------------;  
04FF            296   
04FF            297   MainProgram:
04FF 75817F     298            mov sp, #07FH ; Initialize the stack pointer
0502            299            ; Configure P0 in bidirectional mode
0502 75E600     300       mov P0M0, #0
0505 75E700     301       mov P0M1, #0
0508 D2AF       302       setb EA 
050A 120088     303       lcall LCD_4BIT
050D 754400     304       mov soaktemp, #0x00
0510 754500     305       mov soaktemp+1, #0x00
0513 754600     306       mov soaktime, #0x00
0516 754700     307       mov soaktime+1, #0x00
0519 754800     308       mov reflowtemp, #0x00
051C 754900     309       mov reflowtemp+1, #0x00
051F 754A00     310       mov reflowtime, #0x00
0522 754B00     311       mov reflowtime+1, #0x00
0525 755400     312       mov second, #0
0528            313      ; mov countererror, #0        ; to check if the thermocouple is in the oven
0528            314                    
0528            315       ;initial message 
0528            316      ; Set_Cursor(1, 1)
0528            317      ; Send_Constant_String(#Test_msg)
0528            318      ; Set_Cursor(1,11)
0528            319      ; WriteData(#223) ; print the degree sign   
0528 755700     320       mov count, #0
052B            321       
052B 1204E7     322       lcall InitSerialPort
052E 12047E     323                    lcall INIT_SPI
0531 120422     324                    lcall Timer0_Init
0534 12043A     325       lcall Timer2_Init
0537            326     ; lcall TurnOvenOff
0537 1206E3     327      lcall TurnOvenOn
053A            328      ; ljmp Menu_select1 ;; selecting and setting profiles
053A            329       
053A            330   FOREVER: ;this will be how the oven is being controlled ; jump here once start button is pressed!!!
053A            331   ;------state 1 -------- ;        
053A C0E0       332            push acc
053C 7401       332            mov a, #1
053E 14         332            dec a
053F 1200C1     332            lcall ?Set_Cursor_1 ; Select column and row
0542 D0E0       332            pop acc
0544 C083       333            push dph
0546 C082       333            push dpl
0548 C0E0       333            push acc
054A 9003F3     333            mov dptr, #TemperatureRise
054D 1200B4     333            lcall ?Send_Constant_String
0550 D0E0       333            pop acc
0552 D082       333            pop dpl
0554 D083       333            pop dph
0556            334    ;  lcall checkstop       ;checks if stop button is pressed. If so, turns off oven and goes back to menu
0556            335      ;lcall checkerror      ;if error, terminate program and return
0556 1206A8     336      lcall Readingtemperatures  ;calculates temperature of oven using thermocouple junctions
0559 1206E6     337      lcall DisplayingLCD
055C            338   
055C            339      ;lcall cst ; checking if we have reached Soak Temp yet
055C            340     ; lcall State_change_BEEPER ; temp = soak temp, so going to soak time state 
055C            341     
055C E53F       342     mov a, coldtemp
055E 8544F0     343     mov b, soaktemp
0561 84         344     div AB
0562 E5F0       345     mov a,b 
0564 B400D3     346     cjne a, #0, FOREVER
0567 1206E0     347     lcall TurnOvenOff
056A            348     
056A C2CA       349      clr tr2                       ; restarting timer 2 to keep track of the time lasped since we reached soaktemp
056C 7400       350      mov a, #0x0
056E F554       351      mov second, a
0570 D2CA       352      setb tr2
0572 8000       353      sjmp skiped
0574            354    
0574            355    skiped:
0574            356     ; after we reached the soak temp stay there for __ seconds
0574            357     ;-----state 2 ------;
0574            358   soaktempchecked:
0574 C0E0       359            push acc
0576 7401       359            mov a, #1
0578 14         359            dec a
0579 1200C1     359            lcall ?Set_Cursor_1 ; Select column and row
057C D0E0       359            pop acc
057E C083       360            push dph
0580 C082       360            push dpl
0582 C0E0       360            push acc
0584 9003E8     360            mov dptr, #SoakState
0587 1200B4     360            lcall ?Send_Constant_String
058A D0E0       360            pop acc
058C D082       360            pop dpl
058E D083       360            pop dph  
0590            361   ;        lcall checkstop         
0590 1206A8     362      lcall Readingtemperatures
0593 1206E6     363      lcall DisplayingLCD
0596 120635     364     lcall keepingsoaktempsame ; boundary temp
0599 120645     365     lcall keepingsoaktempsame1
059C 120680     366     lcall checksoaktime ; if soak time is up go to next state
059F 80D3       367     sjmp soaktempchecked
05A1            368     
05A1            369   ; ---- state 3 ---- ; increaseing to reflow temp
05A1            370   increasereflowtemp: 
05A1            371    ; lcall checkstop
05A1 C0E0       372            push acc
05A3 7401       372            mov a, #1
05A5 14         372            dec a
05A6 1200C1     372            lcall ?Set_Cursor_1 ; Select column and row
05A9 D0E0       372            pop acc
05AB C083       373            push dph
05AD C082       373            push dpl
05AF C0E0       373            push acc
05B1 9003F3     373            mov dptr, #TemperatureRise
05B4 1200B4     373            lcall ?Send_Constant_String
05B7 D0E0       373            pop acc
05B9 D082       373            pop dpl
05BB D083       373            pop dph 
05BD 1206A8     374     lcall Readingtemperatures
05C0 1206E6     375      lcall DisplayingLCD
05C3            376      
05C3            377   
05C3 C3         378     clr c
05C4 E548       379     mov a, reflowtemp
05C6 953F       380     subb a, coldtemp
05C8 50D7       381     jnc increasereflowtemp
05CA            382      
05CA 1206E0     383     lcall TurnOvenOff  
05CD            384      
05CD            385    ; lcall checkingreflowtemp
05CD            386    ; lcall State_change_BEEPER
05CD C2CA       387     clr tr2
05CF 7400       388     mov a, #0
05D1 F554       389     mov second, a
05D3 D2CA       390     setb tr2
05D5            391   
05D5            392     ;----state 4 ---;
05D5            393    reflowstate:
05D5            394     ;lcall checkstop
05D5 1206A8     395     lcall Readingtemperatures
05D8 1206E6     396      lcall DisplayingLCD
05DB C0E0       397            push acc
05DD 7401       397            mov a, #1
05DF 14         397            dec a
05E0 1200C1     397            lcall ?Set_Cursor_1 ; Select column and row
05E3 D0E0       397            pop acc
05E5 C083       398            push dph
05E7 C082       398            push dpl
05E9 C0E0       398            push acc
05EB 9003DB     398            mov dptr, #ReflowStateMess
05EE 1200B4     398            lcall ?Send_Constant_String
05F1 D0E0       398            pop acc
05F3 D082       398            pop dpl
05F5 D083       398            pop dph 
05F7 12065F     399     lcall keepingreflowtempsame
05FA 12066F     400     lcall keepingreflowtempsame1
05FD 120694     401     lcall checkreflowtime
0600 80D3       402     sjmp reflowstate
0602            403     
0602            404    ;------- state5-----;
0602            405    cooling:
0602 C0E0       406            push acc
0604 7401       406            mov a, #1
0606 14         406            dec a
0607 1200C1     406            lcall ?Set_Cursor_1 ; Select column and row
060A D0E0       406            pop acc
060C C083       407            push dph
060E C082       407            push dpl
0610 C0E0       407            push acc
0612 900402     407            mov dptr, #CoolingTemp
0615 1200B4     407            lcall ?Send_Constant_String
0618 D0E0       407            pop acc
061A D082       407            pop dpl
061C D083       407            pop dph 
061E 1206A8     408    lcall Readingtemperatures
0621 1206E6     409     lcall DisplayingLCD
0624 12062A     410    lcall waitforcooling
0627            411   ; lcall Open_oven_toaster_BEEPER
0627            412    
0627 020627     413    ljmp $
062A            414     
062A            415   ;---------------------------------;
062A            416   ; functions                                                                                  ;
062A            417   ;---------------------------------; 
062A            418   
062A            419   waitforcooling:
062A            420   
062A            421   
062A C3         422     clr c
062B 743C       423     mov a, #60
062D 953F       424     subb a, coldtemp
062F 5003       425     jnc cooled
0631 020602     426     ljmp cooling
0634            427     
0634            428     
0634            429   ;        load_X(coldtemp)
0634            430   ;  load_Y(60)
0634            431   ;  lcall x_gteq_y   ; compare if temp >= 60 
0634            432   ;  jnb mf, cooled
0634            433   ;  ljmp cooling
0634            434     
0634            435    
0634            436   cooled:
0634 22         437            ret
0635            438   
0635            439   ; *********** STATE 2 **********
0635            440   ; After reaching the soak temperature we stay at that temp 
0635            441   ; for 60 to 120 seconds
0635            442   
0635            443   keepingsoaktempsame:
0635 E544       444     mov a, soaktemp
0637 2405       445     add a, #5
0639 F530       446     mov x, a
063B            447      
063B C3         448     clr c
063C E530       449     mov a, x
063E 953F       450     subb a, coldtemp
0640 5014       451     jnc soaktempisokay
0642 020657     452     ljmp soaktemptoohigh
0645            453   
0645            454     ;load_Y(coldtemp)
0645            455     ;lcall x_gteq_y   ; compare if temp <= soaktemp + 10
0645            456    ; jnb mf, soaktemptoohigh; if mf!=1 then keep checking
0645            457    
0645            458    keepingsoaktempsame1:
0645            459     ; temp>= soaktemp-10
0645            460    ; load_Y(5)
0645            461    ; load_X(soaktemp)
0645            462    ; lcall sub32   
0645 E544       463     mov a, soaktemp
0647 C3         464     clr c
0648 9405       465     subb a, #5
064A F530       466     mov x, a
064C            467     
064C C3         468     clr c
064D E53F       469     mov a, coldtemp
064F 9530       470     subb a, x
0651 5003       471     jnc soaktempisokay
0653 02065B     472     ljmp soaktemptoolow
0656            473     
0656            474      
0656            475     
0656            476   soaktempisokay:
0656 22         477            ret
0657            478     
0657            479   soaktemptoohigh: 
0657 1206E0     480     lcall TurnOvenOff
065A 22         481     ret
065B            482     
065B            483   soaktemptoolow:
065B 1206E3     484            lcall TurnOvenOn
065E 22         485     ret
065F            486     
065F            487    keepingreflowtempsame:
065F E548       488     mov a, reflowtemp
0661 2405       489     add a, #5
0663 F530       490     mov x, a
0665            491      
0665 C3         492     clr c
0666 E530       493     mov a, x
0668 953F       494     subb a, coldtemp
066A 50EA       495     jnc soaktempisokay
066C 020657     496     ljmp soaktemptoohigh
066F            497   
066F            498     ;load_Y(coldtemp)
066F            499     ;lcall x_gteq_y   ; compare if temp <= soaktemp + 10
066F            500    ; jnb mf, soaktemptoohigh; if mf!=1 then keep checking
066F            501    
066F            502    keepingreflowtempsame1:
066F            503     ; temp>= soaktemp-10
066F            504    ; load_Y(5)
066F            505    ; load_X(soaktemp)
066F            506    ; lcall sub32   
066F E548       507     mov a, reflowtemp
0671 C3         508     clr c
0672 9405       509     subb a, #5
0674 F530       510     mov x, a
0676            511     
0676 C3         512     clr c
0677 E53F       513     mov a, coldtemp
0679 9530       514     subb a, x
067B 50D9       515     jnc soaktempisokay
067D 02065B     516     ljmp soaktemptoolow
0680            517     
0680            518    ; lower bound for the straight line for the soak temp: soaktemp-10
0680            519   ;  load_Y(coldtemp)
0680            520    ; lcall x_gteq_y   ; compare if temp <= soaktemp - 10 
0680            521    ; jb mf, soaktemptoolow; if mf!=1 then keep checking
0680            522    ; ljmp soaktempisokay
0680            523     
0680            524   
0680            525   checksoaktime:
0680 E554       526            mov a, second
0682 B5460E     527     cjne a, soaktime, soaknotdone
0685 1206E3     528     lcall TurnOvenOn
0688 C2CA       529     clr tr2
068A 7400       530     mov a, #0
068C F554       531     mov second, a
068E D2CA       532     setb tr2
0690 0205A1     533     ljmp increasereflowtemp
0693            534   soaknotdone:
0693 22         535            ret 
0694            536     
0694            537   checkreflowtime:
0694 E554       538            mov a, second
0696 B54A0E     539     cjne a, reflowtime,reflownotdone
0699 1206E0     540     lcall TurnOvenOff
069C C2CA       541     clr tr2
069E 7400       542     mov a, #0
06A0 F554       543     mov second, a
06A2 D2CA       544     setb tr2
06A4 020602     545     ljmp cooling
06A7            546   reflownotdone:
06A7 22         547            ret
06A8            548   
06A8            549   ; reading the thermocouple junction values 
06A8            550   Readingtemperatures:
06A8 12074A     551     lcall readingcoldjunction ;answer in x is saved in variable called 'coldtemp'
06AB 1207DB     552     lcall readinghotjunction
06AE            553     
06AE 854D30     554     mov x, temperature
06B1 854E31     555     mov x+1, temperature+1
06B4 753200     556     mov x+2, #0
06B7 753300     557     mov x+3, #0 
06BA 854034     558     mov y, hottemp
06BD 854135     559     mov y+1, hottemp+1
06C0 753600     560     mov y+2, #0
06C3 753700     561     mov y+3, #0 
06C6            562     
06C6 1201BF     563     lcall add32
06C9            564     
06C9 E530       565     mov a, x
06CB F53F       566     mov coldtemp, a
06CD 22         567    ret
06CE            568    ; mov a, x
06CE            569    ; mov coldtemp, a ;final temperature is in the temperature variable
06CE            570    ; ret
06CE            571   
06CE            572   ; checking if the temperture at the hot end is equal to soak temp yet
06CE            573   
06CE            574   
06CE            575   ;checkingsoaktemperature: 
06CE            576   ;  clr c
06CE            577    ; mov a, soaktemp
06CE            578    ; subb a, coldtemp
06CE            579    ; jnc Jump_to_FOREVER  
06CE            580    ; lcall TurnOvenOff
06CE            581    ; ret
06CE            582   Jump_to_FOREVER:
06CE 02053A     583            ljmp FOREVER
06D1            584   
06D1            585   ; checking if the temperture at the hot end is equal to reflow temp yet
06D1            586   
06D1            587   
06D1            588    ;stop the process at any time  
06D1            589   checkstop:                     ; stop the reflow process
06D1 208405     590            jb STARTBUTTON, return
06D4 3084FD     591            jnb STARTBUTTON, $
06D7 8001       592            sjmp stop
06D9            593   return:
06D9 22         594     ret
06DA            595   stop:
06DA 1206E0     596            lcall TurnOvenOff
06DD 0206DD     597       ljmp $
06E0            598   
06E0            599     
06E0            600   ;---------------------------------- ;
06E0            601   ; SSR Box communicating with the           ;
06E0            602   ; Microcontroller                                                                        ;
06E0            603   ;(1) uses OvenButton to communicate ; 
06E0            604     ;with the transistor to turn the       ;
06E0            605     ;oven or off                                                                                   ;
06E0            606   ;(2)                                                                                                                             ;
06E0            607   ;                                                                                                                                                ;
06E0            608   ;                                                                                                                                                ;
06E0            609   ;-----------------------------------;
06E0            610            
06E0            611   TurnOvenOff:
06E0 C2A5       612            clr OvenButton  
06E2 22         613     ret
06E3            614   TurnOvenOn:
06E3 D2A5       615            setb OvenButton
06E5 22         616     ret
06E6            617   
06E6            618   DisplayingLCD:
06E6 C0E0       619            push acc
06E8 7401       619            mov a, #1
06EA 14         619            dec a
06EB 1200BF     619            lcall ?Set_Cursor_2 ; Select column and row
06EE D0E0       619            pop acc
06F0            619   
06F0 C000       620            push ar0
06F2 A854       620            mov r0, second
06F4 1200C6     620            lcall ?Display_BCD
06F7 D000       620            pop ar0
06F9            621            
06F9 C0E0       622            push acc
06FB 740C       622            mov a, #12
06FD 14         622            dec a
06FE 1200BF     622            lcall ?Set_Cursor_2 ; Select column and row
0701 D0E0       622            pop acc
0703 853F30     623            mov x, coldtemp
0706 1200FA     624            lcall hex2bcd
0709            625            
0709 C000       626            push ar0
070B A838       626            mov r0, bcd
070D 1200C6     626            lcall ?Display_BCD
0710 D000       626            pop ar0
0712 C0E0       627            push acc
0714 740F       627            mov a, #15
0716 14         627            dec a
0717 1200BF     627            lcall ?Set_Cursor_2 ; Select column and row
071A D0E0       627            pop acc
071C 74DF       628            mov a, #0xDF
071E 12007E     628            lcall ?WriteData
0721 C0E0       629            push acc
0723 7410       629            mov a, #16
0725 14         629            dec a
0726 1200BF     629            lcall ?Set_Cursor_2 ; Select column and row
0729 D0E0       629            pop acc
072B 7443       630            mov a, #'C'
072D 12007E     630            lcall ?WriteData
0730            631       
0730 22         632       ret
0731            633       
0731            634       
0731            635   
0731            636   
0731            637   
0731            638   ;As a safety measure, the reflow process must be aborted if the oven doesn’t reach at least 50oC in the first 60 seconds of operation
0731            639   checkerror: 
0731 C0E0       640            push acc
0733 C0D0       641     push psw
0735            642     
0735            643   ;  mov x, second
0735            644   ;  Load_y(60)
0735            645   ;  lcall x_gteq_y
0735            646   ;  jnb mf, noerror; if mf = 0, then x<y, time<60secs, don't need to check time yet
0735            647     ;check temp because time>60sec
0735            648     
0735 C3         649     clr c
0736 7460       650     mov a, #0x60
0738 9554       651     subb a, second
073A 5009       652     jnc noerror
073C            653     
073C 7432       654     mov a, #50
073E 953F       655     subb a, coldtemp
0740 5003       656     jnc noerror
0742 1206E0     657     lcall TurnOvenOff
0745            658     
0745            659     ;mov x, coldtemp
0745            660     ;Load_y(50)
0745            661     ;lcall x_gteq_y
0745            662     ;jb mf, noerror  ;if mf = 1, then x>=y which is what we want, no error
0745            663     ;there is error, so turn off oven
0745            664     ;lcall TurnOvenOff
0745            665     
0745            666   noerror:
0745 D0D0       667     pop psw
0747 D0E0       668     pop acc 
0749 22         669     ret
074A            670            
074A            671   ;------------------------------;
074A            672   ; Temperature Reader From Sam     ;
074A            673   ;------------------------------;
074A            674            
074A            675   readingcoldjunction: ;read the cold junction from the adc
074A            676   ;reading the adc
074A C0E0       677            push acc
074C C0D0       678       push psw
074E            679     
074E C2A0       680            clr CE_ADC 
0750 7801       681            mov R0, #00000001B ; Start bit:1 
0752 120483     682            lcall DO_SPI_G
0755 7880       683            mov R0, #10000000B ; Single ended, read channel 0 
0757 120483     684            lcall DO_SPI_G 
075A E9         685            mov a, R1          ; R1 contains bits 8 and 9 
075B 5403       686            anl a, #00000011B  ; We need only the two least significant bits 
075D F53E       687            mov Result+1, a    ; Save result high.
075F 7855       688            mov R0, #55H ; It doesn't matter what we transmit... 
0761 120483     689            lcall DO_SPI_G 
0764 893D       690            mov Result, R1     ; R1 contains bits 0 to 7.  Save result low. 
0766 D2A0       691            setb CE_ADC 
0768            692            ;wait for 1 second 
0768 C002       693            push AR2
076A 7AFA       693            mov R2, #250
076C 120039     693            lcall ?Wait_Milli_Seconds
076F D002       693            pop AR2
0771 C002       694            push AR2
0773 7AFA       694            mov R2, #250
0775 120039     694            lcall ?Wait_Milli_Seconds
0778 D002       694            pop AR2
077A            695     
077A 120786     696            lcall Calculate_Temp_in_C 
077D E530       697       mov a, x
077F F53F       698       mov coldtemp, a
0781            699     
0781 D0D0       700              pop psw
0783 D0E0       701              pop acc
0785 22         702              ret   
0786            703               
0786            704   
0786            705   ;Trying to transfer the binary value in ADC into BCD and then into 
0786            706   ;ASCII to show in putty
0786            707   Calculate_Temp_in_C:     
0786 E4         708            clr a 
0787 753000     709            mov x+0, #low (0 % 0x10000) 
078A 753100     709            mov x+1, #high(0 % 0x10000) 
078D 753200     709            mov x+2, #low (0 / 0x10000) 
0790 753300     709            mov x+3, #high(0 / 0x10000)     ; 
0793 753400     710            mov y+0, #low (0 % 0x10000) 
0796 753500     710            mov y+1, #high(0 % 0x10000) 
0799 753600     710            mov y+2, #low (0 / 0x10000) 
079C 753700     710            mov y+3, #high(0 / 0x10000) 
079F            711            ; load the result into X 
079F E53D       712            mov a, Result+0
07A1 F530       713            mov X, a
07A3 E53E       714            mov a, Result+1
07A5 F531       715            mov X+1, a
07A7 75349A     716            mov y+0, #low (410 % 0x10000) 
07AA 753501     716            mov y+1, #high(410 % 0x10000) 
07AD 753600     716            mov y+2, #low (410 / 0x10000) 
07B0 753700     716            mov y+3, #high(410 / 0x10000) 
07B3 120274     717            lcall mul32;
07B6 7534FF     718            mov y+0, #low (1023 % 0x10000) 
07B9 753503     718            mov y+1, #high(1023 % 0x10000) 
07BC 753600     718            mov y+2, #low (1023 / 0x10000) 
07BF 753700     718            mov y+3, #high(1023 / 0x10000) 
07C2 120301     719            lcall div32;  
07C5            720            ;calculte temperature 
07C5 753411     721            mov y+0, #low (273 % 0x10000) 
07C8 753501     721            mov y+1, #high(273 % 0x10000) 
07CB 753600     721            mov y+2, #low (273 / 0x10000) 
07CE 753700     721            mov y+3, #high(273 / 0x10000) 
07D1 853056     722            mov temp, X
07D4 1201E0     723            lcall sub32
07D7 1200FA     724            lcall hex2bcd ; converts binary in x to BCD in BCD
07DA            725            ;Set_Cursor(2, 13)
07DA            726            ;Display_BCD(bcd)
07DA            727   ;        lcall Display_Temp_Putty
07DA 22         728            ret
07DB            729   
07DB            730   readinghotjunction: ;read the hot junction from the adc from oven and thermocouple wires
07DB            731   ;reading the adc
07DB C0E0       732            push acc
07DD C0D0       733     push psw
07DF            734     
07DF C2A0       735            clr CE_ADC 
07E1 7801       736            mov R0, #00000001B ; Start bit:1 
07E3 120483     737            lcall DO_SPI_G
07E6 7890       738            mov R0, #10010000B ; Single ended, read channel 1 
07E8 120483     739            lcall DO_SPI_G 
07EB E9         740            mov a, R1          ; R1 contains bits 8 and 9 
07EC 5403       741            anl a, #00000011B  ; We need only the two least significant bits 
07EE F53E       742            mov Result+1, a    ; Save result high.
07F0 7855       743            mov R0, #55H ; It doesn't matter what we transmit... 
07F2 120483     744            lcall DO_SPI_G 
07F5 893D       745            mov Result, R1     ; R1 contains bits 0 to 7.  Save result low. 
07F7 D2A0       746            setb CE_ADC 
07F9            747            ;wait for 1 second 
07F9 C002       748            push AR2
07FB 7AFA       748            mov R2, #250
07FD 120039     748            lcall ?Wait_Milli_Seconds
0800 D002       748            pop AR2
0802 C002       749            push AR2
0804 7AFA       749            mov R2, #250
0806 120039     749            lcall ?Wait_Milli_Seconds
0809 D002       749            pop AR2
080B            750            
080B 753000     751            mov x+0, #low (0 % 0x10000) 
080E 753100     751            mov x+1, #high(0 % 0x10000) 
0811 753200     751            mov x+2, #low (0 / 0x10000) 
0814 753300     751            mov x+3, #high(0 / 0x10000) 
0817            752   
0817 E53D       753            mov a,Result
0819 F530       754            mov x,a
081B E53E       755            mov a,Result+1
081D F531       756            mov x+1,a
081F            757            
081F 1200FA     758            lcall hex2bcd
0822            759                            
0822            760     
0822 12082E     761            lcall Calculate_hot 
0825 E530       762       mov a, x
0827 F540       763       mov hottemp, a
0829            764     
0829 D0D0       765              pop psw
082B D0E0       766              pop acc
082D 22         767              ret   
082E            768   
082E            769   Calculate_hot:
082E C0E0       770   push acc
0830 C0D0       771            push psw
0832            772            ; Vout calculations
0832 853D30     773            mov x, Result
0835 853E31     774            mov x+1, Result+1
0838 753200     775            mov x+2, #0
083B 753300     776            mov x+3, #0
083E            777            
083E 75341D     778            mov y+0, #low (29 % 0x10000) 
0841 753500     778            mov y+1, #high(29 % 0x10000) 
0844 753600     778            mov y+2, #low (29 / 0x10000) 
0847 753700     778            mov y+3, #high(29 / 0x10000) 
084A 120274     779            lcall mul32
084D 753466     780            mov y+0, #low (2150 % 0x10000) 
0850 753508     780            mov y+1, #high(2150 % 0x10000) 
0853 753600     780            mov y+2, #low (2150 / 0x10000) 
0856 753700     780            mov y+3, #high(2150 / 0x10000) 
0859 1201BF     781            lcall add32
085C 753464     782            mov y+0, #low (100 % 0x10000) 
085F 753500     782            mov y+1, #high(100 % 0x10000) 
0862 753600     782            mov y+2, #low (100 / 0x10000) 
0865 753700     782            mov y+3, #high(100 / 0x10000) 
0868 120301     783            lcall div32
086B            784       
086B 1200FA     785            lcall hex2bcd
086E E530       786            mov a, x
0870 D0D0       787                    pop psw 
0872 D0E0       788            pop acc
0874 22         789            ret
0875            790                    
0875            791   ; Display Temperature in Putty!
0875            792   Display_Temp_Putty:
0875 C000       793            push ar0
0877 A839       793            mov r0, bcd+1
0879 1200E4     793            lcall ?Send_BCD
087C D000       793            pop ar0
087E C000       794            push ar0
0880 A838       794            mov r0, bcd
0882 1200E4     794            lcall ?Send_BCD
0885 D000       794            pop ar0
0887 740D       795            mov a, #'\r'
0889 1200DC     796            lcall putchar
088C 740A       797            mov a, #'\n'
088E 1200DC     798            lcall putchar
0891 22         799            ret     
0892            800   
0892            801   ; Display Temperature in LCD
0892            802   Display_Temp_LCD:
0892            803   ; show temp in Celcius 
0892 C0E0       804            push acc
0894 7406       804            mov a, #6
0896 14         804            dec a
0897 1200C1     804            lcall ?Set_Cursor_1 ; Select column and row
089A D0E0       804            pop acc;
089C C000       805            push ar0
089E A839       805            mov r0, bcd+1
08A0 1200C6     805            lcall ?Display_BCD
08A3 D000       805            pop ar0
08A5 C0E0       806            push acc
08A7 7409       806            mov a, #9
08A9 14         806            dec a
08AA 1200C1     806            lcall ?Set_Cursor_1 ; Select column and row
08AD D0E0       806            pop acc;  
08AF 22         807            ret
08B0            808            
08B0            809   ; MENU SELECT;   
08B0            810            
08B0            811            
08B0            812   Menu_select1:  
08B0 7401       813            mov a, #0x01
08B2 120083     813            lcall ?WriteCommand
08B5 C002       814            push AR2
08B7 7A32       814            mov R2, #50
08B9 120039     814            lcall ?Wait_Milli_Seconds
08BC D002       814            pop AR2
08BE            815   Menu_select2:
08BE C0E0       816            push acc
08C0 7401       816            mov a, #1
08C2 14         816            dec a
08C3 1200C1     816            lcall ?Set_Cursor_1 ; Select column and row
08C6 D0E0       816            pop acc
08C8 C083       817            push dph
08CA C082       817            push dpl
08CC C0E0       817            push acc
08CE 900377     817            mov dptr, #MenuMessage1
08D1 1200B4     817            lcall ?Send_Constant_String
08D4 D0E0       817            pop acc
08D6 D082       817            pop dpl
08D8 D083       817            pop dph
08DA C0E0       818            push acc
08DC 7401       818            mov a, #1
08DE 14         818            dec a
08DF 1200BF     818            lcall ?Set_Cursor_2 ; Select column and row
08E2 D0E0       818            pop acc
08E4 C083       819            push dph
08E6 C082       819            push dpl
08E8 C0E0       819            push acc
08EA 900383     819            mov dptr, #MenuMessage2
08ED 1200B4     819            lcall ?Send_Constant_String
08F0 D0E0       819            pop acc
08F2 D082       819            pop dpl
08F4 D083       819            pop dph
08F6            820     
08F6 C002       821            push AR2
08F8 7A32       821            mov R2, #50
08FA 120039     821            lcall ?Wait_Milli_Seconds
08FD D002       821            pop AR2 ;go to set Soak Temperature
08FF 208306     822     jb BUTTON_1, Menu_select2_2
0902 3083FD     823     jnb BUTTON_1, $
0905 020955     824     ljmp Jump_to_Set_SoakTemp1
0908            825     
0908            826   Menu_select2_2:
0908 C002       827            push AR2
090A 7A32       827            mov R2, #50
090C 120039     827            lcall ?Wait_Milli_Seconds
090F D002       827            pop AR2 ;go to set Soak Time
0911 208206     828     jb BUTTON_2, Menu_select2_3
0914 3082FD     829     jnb BUTTON_2, $
0917 020958     830     ljmp Jump_to_Set_SoakTime1
091A            831     
091A            832   Menu_select2_3:
091A C002       833            push AR2
091C 7A32       833            mov R2, #50
091E 120039     833            lcall ?Wait_Milli_Seconds
0921 D002       833            pop AR2 ;go to second set of menus
0923 208706     834     jb BUTTON_3, Menu_select2_4
0926 3087FD     835     jnb BUTTON_3, $
0929 02095E     836     ljmp Jump_to_Menu_select3
092C            837     
092C            838   Menu_select2_4:
092C C002       839            push AR2
092E 7A32       839            mov R2, #50
0930 120039     839            lcall ?Wait_Milli_Seconds
0933 D002       839            pop AR2   ; start the reflow process
0935 208423     840     jb StartButton, Jump_to_Menu_select2_1
0938 3084FD     841     jnb StartButton, $
093B 02093E     842     ljmp Jump_To_FOREVER1
093E            843     
093E            844   Jump_To_FOREVER1:
093E 7401       845            mov a, #0x01
0940 120083     845            lcall ?WriteCommand
0943 C002       846            push AR2
0945 7A32       846            mov R2, #50
0947 120039     846            lcall ?Wait_Milli_Seconds
094A D002       846            pop AR2
094C 12043A     847     lcall Timer2_init
094F            848            
094F 755400     849            mov second, #0
0952            850            
0952 02053A     851            ljmp FOREVER
0955            852   
0955            853   Jump_to_Set_SoakTemp1:
0955 020961     854            ljmp Set_SoakTemp1
0958            855     
0958            856   Jump_to_Set_SoakTime1:
0958 020A86     857            ljmp Set_SoakTime1
095B            858            
095B            859   Jump_to_Menu_select2_1:
095B 0208BE     860            ljmp Menu_select2
095E            861     
095E            862   Jump_to_Menu_select3:
095E 020BAB     863            ljmp Menu_select3
0961            864   
0961            865   ; Settings - Soak Temperature
0961            866   Set_SoakTemp1:
0961 7401       867            mov a, #0x01
0963 120083     867            lcall ?WriteCommand          ;clear display
0966 C002       868            push AR2
0968 7A32       868            mov R2, #50
096A 120039     868            lcall ?Wait_Milli_Seconds
096D D002       868            pop AR2
096F C0E0       869            push acc
0971 7401       869            mov a, #1
0973 14         869            dec a
0974 1200C1     869            lcall ?Set_Cursor_1 ; Select column and row
0977 D0E0       869            pop acc
0979 C083       870            push dph
097B C082       870            push dpl
097D C0E0       870            push acc
097F 9003AB     870            mov dptr, #MenuSoakTemp
0982 1200B4     870            lcall ?Send_Constant_String
0985 D0E0       870            pop acc
0987 D082       870            pop dpl
0989 D083       870            pop dph
098B C0E0       871            push acc
098D 7401       871            mov a, #1
098F 14         871            dec a
0990 1200BF     871            lcall ?Set_Cursor_2 ; Select column and row
0993 D0E0       871            pop acc
0995 C000       872            push ar0
0997 A845       872            mov r0, soaktemp+1
0999 1200C6     872            lcall ?Display_BCD
099C D000       872            pop ar0
099E C0E0       873            push acc
09A0 7403       873            mov a, #3
09A2 14         873            dec a
09A3 1200BF     873            lcall ?Set_Cursor_2 ; Select column and row
09A6 D0E0       873            pop acc
09A8 C000       874            push ar0
09AA A844       874            mov r0, soaktemp+0
09AC 1200C6     874            lcall ?Display_BCD
09AF D000       874            pop ar0
09B1            875   Set_SoakTemp2:
09B1 20830F     876     jb BUTTON_1, Set_SoakTemp2_2
09B4 C002       877            push AR2
09B6 7A32       877            mov R2, #50
09B8 120039     877            lcall ?Wait_Milli_Seconds
09BB D002       877            pop AR2
09BD 208303     878     jb BUTTON_1, Set_SoakTemp2_2
09C0 0209EA     879     ljmp SoakTemp_inc
09C3            880   Set_SoakTemp2_2:
09C3 20820F     881     jb BUTTON_2, Set_SoakTemp2_3
09C6 C002       882            push AR2
09C8 7A32       882            mov R2, #50
09CA 120039     882            lcall ?Wait_Milli_Seconds
09CD D002       882            pop AR2
09CF 208203     883     jb BUTTON_2, Set_SoakTemp2_3
09D2 020A37     884     ljmp SoakTemp_dec
09D5            885   Set_SoakTemp2_3:
09D5 20870F     886            jb BUTTON_3, Set_SoakTemp2_4
09D8 C002       887            push AR2
09DA 7A32       887            mov R2, #50
09DC 120039     887            lcall ?Wait_Milli_Seconds
09DF D002       887            pop AR2
09E1 208703     888     jb BUTTON_3, Set_SoakTemp2_4
09E4 0208B0     889     ljmp Menu_select1
09E7            890   Set_SoakTemp2_4:
09E7 0209B1     891     ljmp Set_SoakTemp2
09EA            892     
09EA            893   SoakTemp_inc:
09EA E544       894     mov a, soaktemp+0
09EC B4990C     895     cjne a, #0x99, SoakTemp_inc2
09EF E545       896     mov a, soaktemp+1
09F1 B4020E     897     cjne a, #0x02, SoakTemp_inc3
09F4 E4         898     clr a                      ;299->0
09F5 F545       899     mov soaktemp+1, a
09F7 F544       900     mov soaktemp+0, a
09F9 8013       901     sjmp SoakTemp_inc4
09FB            902   SoakTemp_inc2:   ;regular increment
09FB 2401       903     add a, #0x01
09FD D4         904     da a
09FE F544       905     mov soaktemp+0, a
0A00 800C       906     sjmp SoakTemp_inc4
0A02            907   SoakTemp_inc3:    ;99->100, 199->200, etc
0A02 E545       908     mov a, soaktemp+1 
0A04 2401       909     add a, #0x01
0A06 D4         910     da a
0A07 F545       911     mov soaktemp+1, a
0A09 E4         912     clr a
0A0A F544       913     mov soaktemp+0, a
0A0C 8000       914     sjmp SoakTemp_inc4
0A0E            915   SoakTemp_inc4:  ;display
0A0E C0E0       916            push acc
0A10 7401       916            mov a, #1
0A12 14         916            dec a
0A13 1200BF     916            lcall ?Set_Cursor_2 ; Select column and row
0A16 D0E0       916            pop acc
0A18 C000       917            push ar0
0A1A A845       917            mov r0, soaktemp+1
0A1C 1200C6     917            lcall ?Display_BCD
0A1F D000       917            pop ar0
0A21 C0E0       918            push acc
0A23 7403       918            mov a, #3
0A25 14         918            dec a
0A26 1200BF     918            lcall ?Set_Cursor_2 ; Select column and row
0A29 D0E0       918            pop acc
0A2B C000       919            push ar0
0A2D A844       919            mov r0, soaktemp+0
0A2F 1200C6     919            lcall ?Display_BCD
0A32 D000       919            pop ar0
0A34 0209B1     920     ljmp Set_SoakTemp2
0A37            921     
0A37            922   SoakTemp_dec:
0A37 E544       923     mov a, soaktemp+0
0A39 B4000D     924     cjne a, #0x00, SoakTemp_dec2
0A3C E545       925     mov a, soaktemp+1
0A3E B4000F     926     cjne a, #0x00, SoakTemp_dec3
0A41 754502     927     mov soaktemp+1, #0x02                 ;0->299
0A44 754499     928     mov soaktemp+0, #0x99
0A47 8014       929     sjmp SoakTemp_dec4
0A49            930   SoakTemp_dec2:   ;regular decrement
0A49 2499       931     add a, #0x99
0A4B D4         932     da a
0A4C F544       933     mov soaktemp+0, a
0A4E 800D       934     sjmp SoakTemp_dec4
0A50            935   SoakTemp_dec3:   ;100->99, 200-> 199
0A50 E545       936     mov a, soaktemp+1 
0A52 2499       937     add a, #0x99
0A54 D4         938     da a
0A55 F545       939     mov soaktemp+1, a
0A57 7499       940     mov a, #0x99
0A59 F544       941     mov soaktemp+0, a
0A5B 8000       942     sjmp SoakTemp_dec4
0A5D            943   SoakTemp_dec4:    ;display
0A5D C0E0       944            push acc
0A5F 7401       944            mov a, #1
0A61 14         944            dec a
0A62 1200BF     944            lcall ?Set_Cursor_2 ; Select column and row
0A65 D0E0       944            pop acc
0A67 C000       945            push ar0
0A69 A845       945            mov r0, soaktemp+1
0A6B 1200C6     945            lcall ?Display_BCD
0A6E D000       945            pop ar0
0A70 C0E0       946            push acc
0A72 7403       946            mov a, #3
0A74 14         946            dec a
0A75 1200BF     946            lcall ?Set_Cursor_2 ; Select column and row
0A78 D0E0       946            pop acc
0A7A C000       947            push ar0
0A7C A844       947            mov r0, soaktemp+0
0A7E 1200C6     947            lcall ?Display_BCD
0A81 D000       947            pop ar0
0A83 0209B1     948     ljmp Set_SoakTemp2
0A86            949   
0A86            950   ; Settings - Soak Time
0A86            951   Set_SoakTime1:
0A86 7401       952            mov a, #0x01
0A88 120083     952            lcall ?WriteCommand          ;clear display
0A8B C002       953            push AR2
0A8D 7A32       953            mov R2, #50
0A8F 120039     953            lcall ?Wait_Milli_Seconds
0A92 D002       953            pop AR2
0A94 C0E0       954            push acc
0A96 7401       954            mov a, #1
0A98 14         954            dec a
0A99 1200C1     954            lcall ?Set_Cursor_1 ; Select column and row
0A9C D0E0       954            pop acc
0A9E C083       955            push dph
0AA0 C082       955            push dpl
0AA2 C0E0       955            push acc
0AA4 9003B6     955            mov dptr, #MenuSoakTime
0AA7 1200B4     955            lcall ?Send_Constant_String
0AAA D0E0       955            pop acc
0AAC D082       955            pop dpl
0AAE D083       955            pop dph
0AB0 C0E0       956            push acc
0AB2 7401       956            mov a, #1
0AB4 14         956            dec a
0AB5 1200BF     956            lcall ?Set_Cursor_2 ; Select column and row
0AB8 D0E0       956            pop acc
0ABA C000       957            push ar0
0ABC A847       957            mov r0, soaktime+1
0ABE 1200C6     957            lcall ?Display_BCD
0AC1 D000       957            pop ar0
0AC3 C0E0       958            push acc
0AC5 7403       958            mov a, #3
0AC7 14         958            dec a
0AC8 1200BF     958            lcall ?Set_Cursor_2 ; Select column and row
0ACB D0E0       958            pop acc
0ACD C000       959            push ar0
0ACF A846       959            mov r0, soaktime+0
0AD1 1200C6     959            lcall ?Display_BCD
0AD4 D000       959            pop ar0
0AD6            960   Set_SoakTime2:
0AD6 20830F     961     jb BUTTON_1, Set_SoakTime2_2
0AD9 C002       962            push AR2
0ADB 7A32       962            mov R2, #50
0ADD 120039     962            lcall ?Wait_Milli_Seconds
0AE0 D002       962            pop AR2
0AE2 208303     963     jb BUTTON_1, Set_SoakTime2_2
0AE5 020B0F     964     ljmp SoakTime_inc
0AE8            965   Set_SoakTime2_2:
0AE8 20820F     966     jb BUTTON_2, Set_SoakTime2_3
0AEB C002       967            push AR2
0AED 7A32       967            mov R2, #50
0AEF 120039     967            lcall ?Wait_Milli_Seconds
0AF2 D002       967            pop AR2
0AF4 208203     968     jb BUTTON_2, Set_SoakTime2_3
0AF7 020B5C     969     ljmp SoakTime_dec
0AFA            970   Set_SoakTime2_3:
0AFA 20870F     971            jb BUTTON_3, Set_SoakTime2_4
0AFD C002       972            push AR2
0AFF 7A32       972            mov R2, #50
0B01 120039     972            lcall ?Wait_Milli_Seconds
0B04 D002       972            pop AR2
0B06 208703     973     jb BUTTON_3, Set_SoakTime2_4
0B09 0208B0     974     ljmp Menu_select1
0B0C            975   Set_SoakTime2_4:
0B0C 020AD6     976     ljmp Set_SoakTime2
0B0F            977   
0B0F            978   SoakTime_inc:
0B0F E546       979     mov a, soaktime+0
0B11 B4990C     980     cjne a, #0x99, SoakTime_inc2
0B14 E547       981     mov a, soaktime+1
0B16 B4020E     982     cjne a, #0x02, SoakTime_inc3
0B19 E4         983     clr a                      ;299->0
0B1A F547       984     mov soaktime+1, a
0B1C F546       985     mov soaktime+0, a
0B1E 8013       986     sjmp SoakTime_inc4
0B20            987   SoakTime_inc2:   ;regular increment
0B20 2401       988     add a, #0x01
0B22 D4         989     da a
0B23 F546       990     mov soaktime+0, a
0B25 800C       991     sjmp SoakTime_inc4
0B27            992   SoakTime_inc3:    ;99->100, 199->200, etc
0B27 E547       993     mov a, soaktime+1 
0B29 2401       994     add a, #0x01
0B2B D4         995     da a
0B2C F547       996     mov soaktime+1, a
0B2E E4         997     clr a
0B2F F546       998     mov soaktime+0, a
0B31 8000       999     sjmp SoakTime_inc4
0B33           1000   SoakTime_inc4:  ;display
0B33 C0E0      1001            push acc
0B35 7401      1001            mov a, #1
0B37 14        1001            dec a
0B38 1200BF    1001            lcall ?Set_Cursor_2 ; Select column and row
0B3B D0E0      1001            pop acc
0B3D C000      1002            push ar0
0B3F A847      1002            mov r0, soaktime+1
0B41 1200C6    1002            lcall ?Display_BCD
0B44 D000      1002            pop ar0
0B46 C0E0      1003            push acc
0B48 7403      1003            mov a, #3
0B4A 14        1003            dec a
0B4B 1200BF    1003            lcall ?Set_Cursor_2 ; Select column and row
0B4E D0E0      1003            pop acc
0B50 C000      1004            push ar0
0B52 A846      1004            mov r0, soaktime+0
0B54 1200C6    1004            lcall ?Display_BCD
0B57 D000      1004            pop ar0
0B59 020AD6    1005     ljmp Set_SoakTime2
0B5C           1006     
0B5C           1007   SoakTime_dec:
0B5C E546      1008     mov a, soaktime+0
0B5E B4000D    1009     cjne a, #0x00, SoakTime_dec2
0B61 E547      1010     mov a, soaktime+1
0B63 B4000F    1011     cjne a, #0x00, SoakTime_dec3
0B66 754702    1012     mov soaktime+1, #0x02                 ;0->299
0B69 754699    1013     mov soaktime+0, #0x99
0B6C 8014      1014     sjmp SoakTime_dec4
0B6E           1015   SoakTime_dec2:   ;regular decrement
0B6E 2499      1016     add a, #0x99
0B70 D4        1017     da a
0B71 F546      1018     mov soaktime+0, a
0B73 800D      1019     sjmp SoakTime_dec4
0B75           1020   SoakTime_dec3:   ;100->99, 200-> 199
0B75 E547      1021     mov a, soaktime+1 
0B77 2499      1022     add a, #0x99
0B79 D4        1023     da a
0B7A F547      1024     mov soaktime+1, a
0B7C 7499      1025     mov a, #0x99
0B7E F546      1026     mov soaktime+0, a
0B80 8000      1027     sjmp SoakTime_dec4
0B82           1028   SoakTime_dec4:    ;display
0B82 C0E0      1029            push acc
0B84 7401      1029            mov a, #1
0B86 14        1029            dec a
0B87 1200BF    1029            lcall ?Set_Cursor_2 ; Select column and row
0B8A D0E0      1029            pop acc
0B8C C000      1030            push ar0
0B8E A847      1030            mov r0, soaktime+1
0B90 1200C6    1030            lcall ?Display_BCD
0B93 D000      1030            pop ar0
0B95 C0E0      1031            push acc
0B97 7403      1031            mov a, #3
0B99 14        1031            dec a
0B9A 1200BF    1031            lcall ?Set_Cursor_2 ; Select column and row
0B9D D0E0      1031            pop acc
0B9F C000      1032            push ar0
0BA1 A846      1032            mov r0, soaktime+0
0BA3 1200C6    1032            lcall ?Display_BCD
0BA6 D000      1032            pop ar0
0BA8 020AD6    1033     ljmp Set_SoakTime2
0BAB           1034   
0BAB           1035   ; Second set of Menu - Set reflow parameters
0BAB           1036   Menu_select3:
0BAB 7401      1037            mov a, #0x01
0BAD 120083    1037            lcall ?WriteCommand
0BB0 C002      1038            push AR2
0BB2 7A32      1038            mov R2, #50
0BB4 120039    1038            lcall ?Wait_Milli_Seconds
0BB7 D002      1038            pop AR2
0BB9           1039   Menu_select4:
0BB9 C0E0      1040            push acc
0BBB 7401      1040            mov a, #1
0BBD 14        1040            dec a
0BBE 1200C1    1040            lcall ?Set_Cursor_1 ; Select column and row
0BC1 D0E0      1040            pop acc
0BC3 C083      1041            push dph
0BC5 C082      1041            push dpl
0BC7 C0E0      1041            push acc
0BC9 90038F    1041            mov dptr, #MenuMessage3
0BCC 1200B4    1041            lcall ?Send_Constant_String
0BCF D0E0      1041            pop acc
0BD1 D082      1041            pop dpl
0BD3 D083      1041            pop dph
0BD5 C0E0      1042            push acc
0BD7 7401      1042            mov a, #1
0BD9 14        1042            dec a
0BDA 1200BF    1042            lcall ?Set_Cursor_2 ; Select column and row
0BDD D0E0      1042            pop acc
0BDF C083      1043            push dph
0BE1 C082      1043            push dpl
0BE3 C0E0      1043            push acc
0BE5 90039D    1043            mov dptr, #MenuMessage4
0BE8 1200B4    1043            lcall ?Send_Constant_String
0BEB D0E0      1043            pop acc
0BED D082      1043            pop dpl
0BEF D083      1043            pop dph
0BF1           1044     
0BF1 C002      1045            push AR2
0BF3 7A32      1045            mov R2, #50
0BF5 120039    1045            lcall ?Wait_Milli_Seconds
0BF8 D002      1045            pop AR2 ;go to set Reflow Temperature
0BFA 208306    1046     jb BUTTON_1, Menu_select4_2
0BFD 3083FD    1047     jnb BUTTON_1, $
0C00 020C3C    1048     ljmp Jump_to_Set_ReflowTemp1
0C03           1049     
0C03           1050   Menu_select4_2:
0C03 C002      1051            push AR2
0C05 7A32      1051            mov R2, #50
0C07 120039    1051            lcall ?Wait_Milli_Seconds
0C0A D002      1051            pop AR2 ;go to set Reflow Time
0C0C 208206    1052     jb BUTTON_2, Menu_select4_3
0C0F 3082FD    1053     jnb BUTTON_2, $
0C12 020C3F    1054     ljmp Jump_to_Set_ReflowTime1
0C15           1055     
0C15           1056   Menu_select4_3:
0C15 C002      1057            push AR2
0C17 7A32      1057            mov R2, #50
0C19 120039    1057            lcall ?Wait_Milli_Seconds
0C1C D002      1057            pop AR2 ;go to first set of menus
0C1E 208706    1058     jb BUTTON_3, Menu_select4_4
0C21 3087FD    1059     jnb BUTTON_3, $
0C24 020C45    1060     ljmp Jump_to_Menu_select2
0C27           1061   
0C27           1062   Menu_select4_4:
0C27 C002      1063            push AR2
0C29 7A32      1063            mov R2, #50
0C2B 120039    1063            lcall ?Wait_Milli_Seconds
0C2E D002      1063            pop AR2   ; start the reflow process
0C30 20840F    1064     jb StartButton, Jump_to_Menu_select3_1
0C33 3084FD    1065     jnb StartButton, $
0C36 02093E    1066     ljmp Jump_To_FOREVER1
0C39           1067   
0C39           1068   Jump_To_FOREVER2:
0C39 02053A    1069            ljmp FOREVER
0C3C           1070     
0C3C           1071   
0C3C           1072   Jump_to_Set_ReflowTemp1:
0C3C 020C48    1073            ljmp Set_ReflowTemp1
0C3F           1074     
0C3F           1075   Jump_to_Set_ReflowTime1:
0C3F 020D6D    1076            ljmp Set_ReflowTime1
0C42           1077            
0C42           1078   Jump_to_Menu_select3_1:
0C42 020BB9    1079            ljmp Menu_select4
0C45           1080     
0C45           1081   Jump_to_Menu_select2:
0C45 0208B0    1082            ljmp Menu_select1
0C48           1083     
0C48           1084   ; Settings - Reflow Temperature
0C48           1085   Set_ReflowTemp1:
0C48 7401      1086            mov a, #0x01
0C4A 120083    1086            lcall ?WriteCommand          ;clear display
0C4D C002      1087            push AR2
0C4F 7A32      1087            mov R2, #50
0C51 120039    1087            lcall ?Wait_Milli_Seconds
0C54 D002      1087            pop AR2
0C56 C0E0      1088            push acc
0C58 7401      1088            mov a, #1
0C5A 14        1088            dec a
0C5B 1200C1    1088            lcall ?Set_Cursor_1 ; Select column and row
0C5E D0E0      1088            pop acc
0C60 C083      1089            push dph
0C62 C082      1089            push dpl
0C64 C0E0      1089            push acc
0C66 9003C1    1089            mov dptr, #MenuReflowTemp
0C69 1200B4    1089            lcall ?Send_Constant_String
0C6C D0E0      1089            pop acc
0C6E D082      1089            pop dpl
0C70 D083      1089            pop dph
0C72 C0E0      1090            push acc
0C74 7401      1090            mov a, #1
0C76 14        1090            dec a
0C77 1200BF    1090            lcall ?Set_Cursor_2 ; Select column and row
0C7A D0E0      1090            pop acc
0C7C C000      1091            push ar0
0C7E A849      1091            mov r0, reflowtemp+1
0C80 1200C6    1091            lcall ?Display_BCD
0C83 D000      1091            pop ar0
0C85 C0E0      1092            push acc
0C87 7403      1092            mov a, #3
0C89 14        1092            dec a
0C8A 1200BF    1092            lcall ?Set_Cursor_2 ; Select column and row
0C8D D0E0      1092            pop acc
0C8F C000      1093            push ar0
0C91 A848      1093            mov r0, reflowtemp+0
0C93 1200C6    1093            lcall ?Display_BCD
0C96 D000      1093            pop ar0
0C98           1094     
0C98           1095   Set_ReflowTemp2:
0C98 20830F    1096     jb BUTTON_1, Set_ReflowTemp2_2
0C9B C002      1097            push AR2
0C9D 7A32      1097            mov R2, #50
0C9F 120039    1097            lcall ?Wait_Milli_Seconds
0CA2 D002      1097            pop AR2
0CA4 208303    1098     jb BUTTON_1, Set_ReflowTemp2_2
0CA7 020CD1    1099     ljmp ReflowTemp_inc
0CAA           1100   Set_ReflowTemp2_2:
0CAA 20820F    1101     jb BUTTON_2, Set_ReflowTemp2_3
0CAD C002      1102            push AR2
0CAF 7A32      1102            mov R2, #50
0CB1 120039    1102            lcall ?Wait_Milli_Seconds
0CB4 D002      1102            pop AR2
0CB6 208203    1103     jb BUTTON_2, Set_ReflowTemp2_3
0CB9 020D1E    1104     ljmp ReflowTemp_dec
0CBC           1105   Set_ReflowTemp2_3:
0CBC 20870F    1106            jb BUTTON_3, Set_ReflowTemp2_4
0CBF C002      1107            push AR2
0CC1 7A32      1107            mov R2, #50
0CC3 120039    1107            lcall ?Wait_Milli_Seconds
0CC6 D002      1107            pop AR2
0CC8 208703    1108     jb BUTTON_3, Set_ReflowTemp2_4
0CCB 020BAB    1109     ljmp Menu_select3
0CCE           1110   Set_ReflowTemp2_4:
0CCE 020C98    1111     ljmp Set_ReflowTemp2
0CD1           1112    
0CD1           1113   ReflowTemp_inc:
0CD1 E548      1114     mov a, reflowtemp+0
0CD3 B4990C    1115     cjne a, #0x99, ReflowTemp_inc2
0CD6 E549      1116     mov a, reflowtemp+1
0CD8 B4020E    1117     cjne a, #0x02, ReflowTemp_inc3
0CDB E4        1118     clr a                      ;299->0
0CDC F549      1119     mov reflowtemp+1, a
0CDE F548      1120     mov reflowtemp+0, a
0CE0 8013      1121     sjmp ReflowTemp_inc4
0CE2           1122   ReflowTemp_inc2:   ;regular increment
0CE2 2401      1123     add a, #0x01
0CE4 D4        1124     da a
0CE5 F548      1125     mov reflowtemp+0, a
0CE7 800C      1126     sjmp ReflowTemp_inc4
0CE9           1127   ReflowTemp_inc3:    ;99->100, 199->200, etc
0CE9 E549      1128     mov a, reflowtemp+1 
0CEB 2401      1129     add a, #0x01
0CED D4        1130     da a
0CEE F549      1131     mov reflowtemp+1, a
0CF0 E4        1132     clr a
0CF1 F548      1133     mov reflowtemp+0, a
0CF3 8000      1134     sjmp ReflowTemp_inc4
0CF5           1135   ReflowTemp_inc4:  ;display
0CF5 C0E0      1136            push acc
0CF7 7401      1136            mov a, #1
0CF9 14        1136            dec a
0CFA 1200BF    1136            lcall ?Set_Cursor_2 ; Select column and row
0CFD D0E0      1136            pop acc
0CFF C000      1137            push ar0
0D01 A849      1137            mov r0, reflowtemp+1
0D03 1200C6    1137            lcall ?Display_BCD
0D06 D000      1137            pop ar0
0D08 C0E0      1138            push acc
0D0A 7403      1138            mov a, #3
0D0C 14        1138            dec a
0D0D 1200BF    1138            lcall ?Set_Cursor_2 ; Select column and row
0D10 D0E0      1138            pop acc
0D12 C000      1139            push ar0
0D14 A848      1139            mov r0, reflowtemp+0
0D16 1200C6    1139            lcall ?Display_BCD
0D19 D000      1139            pop ar0
0D1B 020C98    1140     ljmp Set_ReflowTemp2
0D1E           1141     
0D1E           1142   ReflowTemp_dec:
0D1E E548      1143     mov a, reflowtemp+0
0D20 B4000D    1144     cjne a, #0x00, ReflowTemp_dec2
0D23 E549      1145     mov a, reflowtemp+1
0D25 B4000F    1146     cjne a, #0x00, ReflowTemp_dec3
0D28 754902    1147     mov reflowtemp+1, #0x02                 ;0->299
0D2B 754899    1148     mov reflowtemp+0, #0x99
0D2E 8014      1149     sjmp ReflowTemp_dec4
0D30           1150   ReflowTemp_dec2:   ;regular decrement
0D30 2499      1151     add a, #0x99
0D32 D4        1152     da a
0D33 F548      1153     mov reflowtemp+0, a
0D35 800D      1154     sjmp ReflowTemp_dec4
0D37           1155   ReflowTemp_dec3:   ;100->99, 200-> 199
0D37 E549      1156     mov a, reflowtemp+1 
0D39 2499      1157     add a, #0x99
0D3B D4        1158     da a
0D3C F549      1159     mov reflowtemp+1, a
0D3E 7499      1160     mov a, #0x99
0D40 F548      1161     mov reflowtemp+0, a
0D42 8000      1162     sjmp ReflowTemp_dec4
0D44           1163   ReflowTemp_dec4:    ;display
0D44 C0E0      1164            push acc
0D46 7401      1164            mov a, #1
0D48 14        1164            dec a
0D49 1200BF    1164            lcall ?Set_Cursor_2 ; Select column and row
0D4C D0E0      1164            pop acc
0D4E C000      1165            push ar0
0D50 A849      1165            mov r0, reflowtemp+1
0D52 1200C6    1165            lcall ?Display_BCD
0D55 D000      1165            pop ar0
0D57 C0E0      1166            push acc
0D59 7403      1166            mov a, #3
0D5B 14        1166            dec a
0D5C 1200BF    1166            lcall ?Set_Cursor_2 ; Select column and row
0D5F D0E0      1166            pop acc
0D61 C000      1167            push ar0
0D63 A848      1167            mov r0, reflowtemp+0
0D65 1200C6    1167            lcall ?Display_BCD
0D68 D000      1167            pop ar0
0D6A 020C98    1168     ljmp Set_ReflowTemp2
0D6D           1169   
0D6D           1170   ; Settings - Reflow Time
0D6D           1171   Set_ReflowTime1:
0D6D 7401      1172            mov a, #0x01
0D6F 120083    1172            lcall ?WriteCommand          ;clear display
0D72 C002      1173            push AR2
0D74 7A32      1173            mov R2, #50
0D76 120039    1173            lcall ?Wait_Milli_Seconds
0D79 D002      1173            pop AR2
0D7B C0E0      1174            push acc
0D7D 7401      1174            mov a, #1
0D7F 14        1174            dec a
0D80 1200C1    1174            lcall ?Set_Cursor_1 ; Select column and row
0D83 D0E0      1174            pop acc
0D85 C083      1175            push dph
0D87 C082      1175            push dpl
0D89 C0E0      1175            push acc
0D8B 9003CE    1175            mov dptr, #MenuReflowTime
0D8E 1200B4    1175            lcall ?Send_Constant_String
0D91 D0E0      1175            pop acc
0D93 D082      1175            pop dpl
0D95 D083      1175            pop dph
0D97 C0E0      1176            push acc
0D99 7401      1176            mov a, #1
0D9B 14        1176            dec a
0D9C 1200BF    1176            lcall ?Set_Cursor_2 ; Select column and row
0D9F D0E0      1176            pop acc
0DA1 C000      1177            push ar0
0DA3 A84B      1177            mov r0, reflowtime+1
0DA5 1200C6    1177            lcall ?Display_BCD
0DA8 D000      1177            pop ar0
0DAA C0E0      1178            push acc
0DAC 7403      1178            mov a, #3
0DAE 14        1178            dec a
0DAF 1200BF    1178            lcall ?Set_Cursor_2 ; Select column and row
0DB2 D0E0      1178            pop acc
0DB4 C000      1179            push ar0
0DB6 A84A      1179            mov r0, reflowtime+0
0DB8 1200C6    1179            lcall ?Display_BCD
0DBB D000      1179            pop ar0
0DBD           1180   Set_ReflowTime2:
0DBD 20830F    1181     jb BUTTON_1, Set_ReflowTime2_2
0DC0 C002      1182            push AR2
0DC2 7A32      1182            mov R2, #50
0DC4 120039    1182            lcall ?Wait_Milli_Seconds
0DC7 D002      1182            pop AR2
0DC9 208303    1183     jb BUTTON_1, Set_ReflowTime2_2
0DCC 020DF6    1184     ljmp ReflowTime_inc
0DCF           1185   Set_ReflowTime2_2:
0DCF 20820F    1186     jb BUTTON_2, Set_ReflowTime2_3
0DD2 C002      1187            push AR2
0DD4 7A32      1187            mov R2, #50
0DD6 120039    1187            lcall ?Wait_Milli_Seconds
0DD9 D002      1187            pop AR2
0DDB 208203    1188     jb BUTTON_2, Set_ReflowTime2_3
0DDE 020E43    1189     ljmp ReflowTime_dec
0DE1           1190   Set_ReflowTime2_3:
0DE1 20870F    1191            jb BUTTON_3, Set_ReflowTime2_4
0DE4 C002      1192            push AR2
0DE6 7A32      1192            mov R2, #50
0DE8 120039    1192            lcall ?Wait_Milli_Seconds
0DEB D002      1192            pop AR2
0DED 208703    1193     jb BUTTON_3, Set_ReflowTime2_4
0DF0 020BAB    1194     ljmp Menu_select3
0DF3           1195   Set_ReflowTime2_4:
0DF3 020DBD    1196     ljmp Set_ReflowTime2
0DF6           1197   
0DF6           1198   ReflowTime_inc:
0DF6 E54A      1199     mov a, reflowtime+0
0DF8 B4990C    1200     cjne a, #0x99, ReflowTime_inc2
0DFB E54B      1201     mov a, reflowtime+1
0DFD B4020E    1202     cjne a, #0x02, ReflowTime_inc3
0E00 E4        1203     clr a                      ;299->0
0E01 F54B      1204     mov reflowtime+1, a
0E03 F54A      1205     mov reflowtime+0, a
0E05 8013      1206     sjmp ReflowTime_inc4
0E07           1207   ReflowTime_inc2:   ;regular increment
0E07 2401      1208     add a, #0x01
0E09 D4        1209     da a
0E0A F54A      1210     mov reflowtime+0, a
0E0C 800C      1211     sjmp ReflowTime_inc4
0E0E           1212   ReflowTime_inc3:    ;99->100, 199->200, etc
0E0E E54B      1213     mov a, reflowtime+1 
0E10 2401      1214     add a, #0x01
0E12 D4        1215     da a
0E13 F54B      1216     mov reflowtime+1, a
0E15 E4        1217     clr a
0E16 F54A      1218     mov reflowtime+0, a
0E18 8000      1219     sjmp ReflowTime_inc4
0E1A           1220   ReflowTime_inc4:  ;display
0E1A C0E0      1221            push acc
0E1C 7401      1221            mov a, #1
0E1E 14        1221            dec a
0E1F 1200BF    1221            lcall ?Set_Cursor_2 ; Select column and row
0E22 D0E0      1221            pop acc
0E24 C000      1222            push ar0
0E26 A84B      1222            mov r0, reflowtime+1
0E28 1200C6    1222            lcall ?Display_BCD
0E2B D000      1222            pop ar0
0E2D C0E0      1223            push acc
0E2F 7403      1223            mov a, #3
0E31 14        1223            dec a
0E32 1200BF    1223            lcall ?Set_Cursor_2 ; Select column and row
0E35 D0E0      1223            pop acc
0E37 C000      1224            push ar0
0E39 A84A      1224            mov r0, reflowtime+0
0E3B 1200C6    1224            lcall ?Display_BCD
0E3E D000      1224            pop ar0
0E40 020DBD    1225     ljmp Set_ReflowTime2
0E43           1226     
0E43           1227   ReflowTime_dec:
0E43 E54A      1228     mov a, reflowtime+0
0E45 B4000D    1229     cjne a, #0x00, ReflowTime_dec2
0E48 E54B      1230     mov a, reflowtime+1
0E4A B4000F    1231     cjne a, #0x00, ReflowTime_dec3
0E4D 754B02    1232     mov reflowtime+1, #0x02                 ;0->299
0E50 754A99    1233     mov reflowtime+0, #0x99
0E53 8014      1234     sjmp ReflowTime_dec4
0E55           1235   ReflowTime_dec2:   ;regular decrement
0E55 2499      1236     add a, #0x99
0E57 D4        1237     da a
0E58 F54A      1238     mov reflowtime+0, a
0E5A 800D      1239     sjmp ReflowTime_dec4
0E5C           1240   ReflowTime_dec3:   ;100->99, 200-> 199
0E5C E54B      1241     mov a, reflowtime+1 
0E5E 2499      1242     add a, #0x99
0E60 D4        1243     da a
0E61 F54B      1244     mov reflowtime+1, a
0E63 7499      1245     mov a, #0x99
0E65 F54A      1246     mov reflowtime+0, a
0E67 8000      1247     sjmp ReflowTime_dec4
0E69           1248   ReflowTime_dec4:    ;display
0E69 C0E0      1249            push acc
0E6B 7401      1249            mov a, #1
0E6D 14        1249            dec a
0E6E 1200BF    1249            lcall ?Set_Cursor_2 ; Select column and row
0E71 D0E0      1249            pop acc
0E73 C000      1250            push ar0
0E75 A84B      1250            mov r0, reflowtime+1
0E77 1200C6    1250            lcall ?Display_BCD
0E7A D000      1250            pop ar0
0E7C C0E0      1251            push acc
0E7E 7403      1251            mov a, #3
0E80 14        1251            dec a
0E81 1200BF    1251            lcall ?Set_Cursor_2 ; Select column and row
0E84 D0E0      1251            pop acc
0E86 C000      1252            push ar0
0E88 A84A      1252            mov r0, reflowtime+0
0E8A 1200C6    1252            lcall ?Display_BCD
0E8D D000      1252            pop ar0
0E8F 020DBD    1253     ljmp Set_ReflowTime2
0E92           1254            
0E92           1255            
0E92           1256   EN
